Expenses Sat Jan 29 00:00:00 EST 2022
Breakfast	900	 
Meal expenses: 900
Total expenses: 900
