Expenses Sat Jan 29 00:00:00 EST 2022
Dinner	2500	 
Meal expenses: 2500
Total expenses: 2500
