Expenses Sat Jan 29 00:00:00 EST 2022
Dinner	8000	X
Meal expenses: 8000
Total expenses: 8000
